Microchip MPLAB XC8 Compiler V1.45 ()

Linker command line:

-W-3 --edf=/opt/microchip/xc8/v1.45/dat/en_msgs.txt -cs \
  -h+dist/default/production/pic16F819.X.production.sym \
  --cmf=dist/default/production/pic16F819.X.production.cmf -z -Q16F819 \
  -o/tmp/xcXFvn2sx -Mdist/default/production/pic16F819.X.production.map -E1 \
  -ver=XC8 -ASTACK=0A0h-0efh -pstack=STACK -ACODE=00h-07FFh \
  -ASTRCODE=00h-07FFh -ASTRING=00h-0FFhx8 -ACONST=00h-0FFhx8 \
  -AENTRY=00h-0FFhx8 -ACOMMON=070h-07Fh -ABANK0=020h-06Fh -ABANK1=0A0h-0EFh \
  -ABANK2=0120h-016Fh -ARAM=020h-06Fh,0A0h-0EFh,0120h-016Fh \
  -AABS1=020h-07Fh,0A0h-0EFh,0120h-016Fh -ASFR0=00h-01Fh -ASFR1=080h-09Fh \
  -ASFR2=0100h-011Fh -ASFR3=0180h-01EFh \
  -preset_vec=00h,intentry,init,end_init -ppowerup=CODE -pcinit=CODE \
  -pfunctab=ENTRY -ACONFIG=02007h-02007h -pconfig=CONFIG -DCONFIG=2 \
  -AIDLOC=02000h-02003h -pidloc=IDLOC -DIDLOC=2 -AEEDATA=00h-0FFh/02100h \
  -peeprom_data=EEDATA -DEEDATA=2 -DCODE=2 -DSTRCODE=2 -DSTRING=2 -DCONST=2 \
  -DENTRY=2 -k /tmp/xcXJzcwXQ.obj \
  dist/default/production/pic16F819.X.production.obj 

Object code version is 3.11

Machine type is 16F819



                Name                               Link     Load   Length Selector   Space Scale
/tmp/xcXJzcwXQ.obj
                end_init                              0        0        1        0       0
                config                             2007     2007        1     400E       0
dist/default/production/pic16F819.X.production.obj
                cinit                               7F5      7F5        B      FEA       0
                swtext2                               1        1       40        2       0
                text14                              71F      71F       D6      E3E       0
                text13                              53B      53B       32      A76       0
                text12                              643      643       6B      C86       0
                text11                              4F7      4F7       20      9EE       0
                text10                              517      517       24      A2E       0
                text9                               4C2      4C2       11      984       0
                text8                               4D3      4D3       12      9A6       0
                text7                               4E5      4E5       12      9CA       0
                text6                               49F      49F        B      93E       0
                text5                               4AA      4AA        C      954       0
                text4                               4B6      4B6        C      96C       0
                text3                               5DF      5DF       64      BBE       0
                swtext1                              41       41       3E        2       0
                text2                               6AE      6AE       71      D5C       0
                text1                               5A1      5A1       3E      B42       0
                maintext                            56D      56D       34      ADA       0
                cstackCOMMON                         77       77        5       70       1
                clrtext                             497      497        8      92E       0
                bssBANK0                             20       20       28       20       1
                bssCOMMON                            70       70        7       70       1
                nvBANK0                              48       48        9       20       1
                nvCOMMON                             7C       7C        2       70       1

TOTAL           Name                               Link     Load   Length     Space
        CLASS   STACK          

        CLASS   CODE           
                end_init                              0        0        1         0
                cinit                               7F5      7F5        B         0
                text14                              71F      71F       D6         0
                text13                              53B      53B       32         0
                text12                              643      643       6B         0
                text11                              4F7      4F7       20         0
                text10                              517      517       24         0
                text9                               4C2      4C2       11         0
                text8                               4D3      4D3       12         0
                text7                               4E5      4E5       12         0
                text6                               49F      49F        B         0
                text5                               4AA      4AA        C         0
                text4                               4B6      4B6        C         0
                text3                               5DF      5DF       64         0
                text2                               6AE      6AE       71         0
                text1                               5A1      5A1       3E         0
                maintext                            56D      56D       34         0
                clrtext                             497      497        8         0

        CLASS   STRCODE        

        CLASS   STRING         

        CLASS   CONST          
                swtext2                               1        1       40         0
                swtext1                              41       41       3E         0

        CLASS   ENTRY          

        CLASS   COMMON         
                cstackCOMMON                         77       77        5         1
                bssCOMMON                            70       70        7         1
                nvCOMMON                             7C       7C        2         1

        CLASS   BANK0          
                bssBANK0                             20       20       28         1
                nvBANK0                              48       48        9         1

        CLASS   BANK1          

        CLASS   BANK2          

        CLASS   RAM            

        CLASS   ABS1           
                abs_s1                               7E       7E        2         1

        CLASS   SFR0           

        CLASS   SFR1           

        CLASS   SFR2           

        CLASS   SFR3           

        CLASS   CONFIG         
                config                             2007     2007        1         0

        CLASS   IDLOC          

        CLASS   EEDATA         

        CLASS   BANK3          



SEGMENTS        Name                           Load    Length   Top    Selector   Space  Class     Delta

                reset_vec                      000000  000001  000001         0       0  CODE        2
                swtext2                        000001  00007E  00007F         2       0  CONST       2
                bssBANK0                       000020  000031  000051        20       1  BANK0       1
                bssCOMMON                      000070  00000E  00007E        70       1  COMMON      1
                clrtext                        000497  000008  00049F       92E       0  CODE        2
                text6                          00049F  00000B  0004AA       93E       0  CODE        2
                text5                          0004AA  00000C  0004B6       954       0  CODE        2
                text4                          0004B6  00000C  0004C2       96C       0  CODE        2
                text9                          0004C2  000011  0004D3       984       0  CODE        2
                text8                          0004D3  000012  0004E5       9A6       0  CODE        2
                text7                          0004E5  000012  0004F7       9CA       0  CODE        2
                text11                         0004F7  000020  000517       9EE       0  CODE        2
                text10                         000517  000024  00053B       A2E       0  CODE        2
                text13                         00053B  000032  00056D       A76       0  CODE        2
                maintext                       00056D  000034  0005A1       ADA       0  CODE        2
                text1                          0005A1  00003E  0005DF       B42       0  CODE        2
                text3                          0005DF  000064  000643       BBE       0  CODE        2
                text12                         000643  00006B  0006AE       C86       0  CODE        2
                text2                          0006AE  000071  00071F       D5C       0  CODE        2
                text14                         00071F  0000D6  0007F5       E3E       0  CODE        2
                cinit                          0007F5  00000B  000800       FEA       0  CODE        2
                config                         002007  000001  002008      400E       0  CONFIG      2


UNUSED ADDRESS RANGES

        Name                Unused          Largest block    Delta
        BANK0            0051-006F             1F           1
        BANK1            00A0-00EF             50           1
        BANK2            0120-016F             50           1
        CODE             007F-0496            418           2
        CONST            007F-0496            100           2
        EEDATA           2100-21FF            100           2
        ENTRY            007F-0496            100           2
        IDLOC            2000-2003              4           2
        RAM              0051-006F             1F           1
                         00A0-00EF             50
                         0120-016F             50
        SFR0             0000-001F             20           1
        SFR1             0080-009F             20           1
        SFR2             0100-011F             20           1
        SFR3             0180-01EF             70           1
        STACK            00A0-00EF             50           1
        STRCODE          007F-0496            418           2
        STRING           007F-0496            100           2

                                  Symbol Table

_PORTA                    (abs)        0005
_PORTAbits                (abs)        0005
_PORTB                    (abs)        0006
_STATUS                   (abs)        0003
_TRISA                    (abs)        0085
_TRISB                    (abs)        0086
__CFG_BOREN$ON            (abs)        0000
__CFG_CCPMX$RB2           (abs)        0000
__CFG_CP$OFF              (abs)        0000
__CFG_CPD$OFF             (abs)        0000
__CFG_FOSC$INTOSCCLK      (abs)        0000
__CFG_LVP$ON              (abs)        0000
__CFG_MCLRE$ON            (abs)        0000
__CFG_PWRTE$OFF           (abs)        0000
__CFG_WDTE$OFF            (abs)        0000
__CFG_WRT$OFF             (abs)        0000
__Habs1                   abs1         0000
__Hbank0                  bank0        0000
__Hbank1                  bank1        0000
__Hbank2                  bank2        0000
__Hbank3                  bank3        0000
__HbssBANK0               bssBANK0     0000
__HbssCOMMON              bssCOMMON    0000
__Hcinit                  cinit        0800
__Hclrtext                clrtext      0000
__Hcode                   code         0000
__Hcommon                 common       0000
__Hconfig                 config       2008
__HcstackCOMMON           cstackCOMMON 0000
__Heeprom_data            eeprom_data  0000
__Hend_init               end_init     0001
__Hfunctab                functab      0000
__Hidloc                  idloc        0000
__Hinit                   init         0000
__Hintentry               intentry     0000
__Hmaintext               maintext     0000
__HnvBANK0                nvBANK0      0000
__HnvCOMMON               nvCOMMON     0000
__Hpowerup                powerup      0000
__Hram                    ram          0000
__Hreset_vec              reset_vec    0000
__Hsfr0                   sfr0         0000
__Hsfr1                   sfr1         0000
__Hsfr2                   sfr2         0000
__Hsfr3                   sfr3         0000
__Hspace_0                (abs)        2008
__Hspace_1                (abs)        007E
__Hspace_2                (abs)        0000
__Hspace_3                (abs)        0000
__Hstack                  stack        0000
__Hstrings                strings      0000
__Htext                   text         0000
__Labs1                   abs1         0000
__Lbank0                  bank0        0000
__Lbank1                  bank1        0000
__Lbank2                  bank2        0000
__Lbank3                  bank3        0000
__LbssBANK0               bssBANK0     0000
__LbssCOMMON              bssCOMMON    0000
__Lcinit                  cinit        07F5
__Lclrtext                clrtext      0000
__Lcode                   code         0000
__Lcommon                 common       0000
__Lconfig                 config       2007
__LcstackCOMMON           cstackCOMMON 0000
__Leeprom_data            eeprom_data  0000
__Lend_init               end_init     0000
__Lfunctab                functab      0000
__Lidloc                  idloc        0000
__Linit                   init         0000
__Lintentry               intentry     0000
__Lmaintext               maintext     0000
__LnvBANK0                nvBANK0      0000
__LnvCOMMON               nvCOMMON     0000
__Lpowerup                powerup      0000
__Lram                    ram          0000
__Lreset_vec              reset_vec    0000
__Lsfr0                   sfr0         0000
__Lsfr1                   sfr1         0000
__Lsfr2                   sfr2         0000
__Lsfr3                   sfr3         0000
__Lspace_0                (abs)        0000
__Lspace_1                (abs)        0000
__Lspace_2                (abs)        0000
__Lspace_3                (abs)        0000
__Lstack                  stack        0000
__Lstrings                strings      0000
__Ltext                   text         0000
__S0                      (abs)        2008
__S1                      (abs)        007E
__S2                      (abs)        0000
__S3                      (abs)        0000
___int_sp                 stack        0000
___latbits                (abs)        0000
___sp                     stack        0000
__end_of__initialization  cinit        07FE
__end_of_button_time      text9        04D3
__end_of_car              text5        04B6
__end_of_check_collision  text4        04C2
__end_of_collided         text12       06AE
__end_of_collided_data    text10       053B
__end_of_delay            text11       0517
__end_of_display          text3        0643
__end_of_end_data         text14       07F5
__end_of_fill_vram        text1        05DF
__end_of_go_left          text8        04E5
__end_of_go_right         text7        04F7
__end_of_joystick         text6        04AA
__end_of_main             maintext     05A1
__end_of_setup            text13       056D
__end_of_track_data       text2        071F
__initialization          cinit        07F5
__pbssBANK0               bssBANK0     0020
__pbssCOMMON              bssCOMMON    0070
__pcstackCOMMON           cstackCOMMON 0077
__pmaintext               maintext     056D
__pnvBANK0                nvBANK0      0048
__pnvCOMMON               nvCOMMON     007C
__pswtext1                swtext1      0041
__pswtext2                swtext2      0001
__ptext1                  text1        05A1
__ptext10                 text10       0517
__ptext11                 text11       04F7
__ptext12                 text12       0643
__ptext13                 text13       053B
__ptext14                 text14       071F
__ptext2                  text2        06AE
__ptext3                  text3        05DF
__ptext4                  text4        04B6
__ptext5                  text5        04AA
__ptext6                  text6        049F
__ptext7                  text7        04E5
__ptext8                  text8        04D3
__ptext9                  text9        04C2
__size_of_button_time     (abs)        0000
__size_of_car             (abs)        0000
__size_of_check_collision (abs)        0000
__size_of_collided        (abs)        0000
__size_of_collided_data   (abs)        0000
__size_of_delay           (abs)        0000
__size_of_display         (abs)        0000
__size_of_end_data        (abs)        0000
__size_of_fill_vram       (abs)        0000
__size_of_go_left         (abs)        0000
__size_of_go_right        (abs)        0000
__size_of_joystick        (abs)        0000
__size_of_main            (abs)        0000
__size_of_setup           (abs)        0000
__size_of_track_data      (abs)        0000
_button_adjust            nvBANK0      004C
_button_time              text9        04C2
_button_timer             bssBANK0     0022
_car                      text5        04AA
_car_data                 nvBANK0      004E
_check_collision          text4        04B6
_collided                 text12       0643
_collided_data            text10       0517
_counta                   bssBANK0     0046
_countb                   bssBANK0     0044
_delay                    text11       04F7
_display                  text3        05DF
_end_data                 text14       071F
_end_hold                 nvBANK0      0048
_fill_vram                text1        05A1
_go_left                  text8        04D3
_go_right                 text7        04E5
_i                        bssCOMMON    0070
_joystick                 text6        049F
_level                    nvCOMMON     007C
_main                     maintext     056D
_pc_end_graphics          nvBANK0      0050
_pc_track                 bssCOMMON    0076
_press                    bssBANK0     0020
_repeat_frame             bssBANK0     0024
_setup                    text13       053B
_speed                    nvBANK0      004A
_stop_repeat              bssCOMMON    0072
_track_data               text2        06AE
_vram_1                   bssCOMMON    0074
_vram_2                   bssBANK0     0042
_vram_3                   bssBANK0     0040
_vram_4                   bssBANK0     003E
_vram_5                   bssBANK0     003C
_vram_6                   bssBANK0     003A
_vram_7                   bssBANK0     0038
_vram_8                   bssBANK0     0036
_vtemp_1                  bssBANK0     0034
_vtemp_2                  bssBANK0     0032
_vtemp_3                  bssBANK0     0030
_vtemp_4                  bssBANK0     002E
_vtemp_5                  bssBANK0     002C
_vtemp_6                  bssBANK0     002A
_vtemp_7                  bssBANK0     0028
btemp                     (abs)        007E
clear_ram0                clrtext      0497
end_of_initialization     cinit        07FE
intlevel0                 functab      0000
intlevel1                 functab      0000
intlevel2                 functab      0000
intlevel3                 functab      0000
intlevel4                 functab      0000
intlevel5                 functab      0000
reset_vec                 reset_vec    0000
stackhi                   (abs)        0000
stacklo                   (abs)        0000
start                     init         0000
start_initialization      cinit        07F5
wtemp0                    (abs)        007E


FUNCTION INFORMATION:

 *************** function _main *****************
 Defined at:
		line 178 in file "main.c"
 Parameters:    Size  Location     Type
		None
 Auto vars:     Size  Location     Type
		None
 Return value:  Size  Location     Type
                  1    wreg      void 
 Registers used:
		wreg, fsr0l, fsr0h, status,2, status,0, btemp+1, pclath, cstack
 Tracked objects:
		On entry : 
		On exit  : 
		Unchanged: 
 Data sizes:     COMMON   BANK0   BANK1   BANK2
      Params:         0       0       0       0
      Locals:         0       0       0       0
      Temps:          1       0       0       0
      Totals:         1       0       0       0
Total ram usage:        1 bytes
 Hardware stack levels required when called:    4
 This function calls:
		_collided_data
		_display
		_fill_vram
		_setup
 This function is called by:
		Startup code after reset
 This function uses a non-reentrant model


 *************** function _fill_vram *****************
 Defined at:
		line 537 in file "main.c"
 Parameters:    Size  Location     Type
		None
 Auto vars:     Size  Location     Type
		None
 Return value:  Size  Location     Type
                  1    wreg      void 
 Registers used:
		wreg, fsr0l, fsr0h, status,2, status,0, btemp+1, pclath, cstack
 Tracked objects:
		On entry : 
		On exit  : 
		Unchanged: 
 Data sizes:     COMMON   BANK0   BANK1   BANK2
      Params:         0       0       0       0
      Locals:         0       0       0       0
      Temps:          0       0       0       0
      Totals:         0       0       0       0
Total ram usage:        0 bytes
 Hardware stack levels used:    1
 Hardware stack levels required when called:    3
 This function calls:
		_track_data
 This function is called by:
		_main
 This function uses a non-reentrant model


 *************** function _track_data *****************
 Defined at:
		line 451 in file "main.c"
 Parameters:    Size  Location     Type
		None
 Auto vars:     Size  Location     Type
		None
 Return value:  Size  Location     Type
                  1    wreg      unsigned char 
 Registers used:
		wreg, fsr0l, fsr0h, status,2, status,0, btemp+1, pclath, cstack
 Tracked objects:
		On entry : 
		On exit  : 
		Unchanged: 
 Data sizes:     COMMON   BANK0   BANK1   BANK2
      Params:         0       0       0       0
      Locals:         0       0       0       0
      Temps:          1       0       0       0
      Totals:         1       0       0       0
Total ram usage:        1 bytes
 Hardware stack levels used:    1
 Hardware stack levels required when called:    2
 This function calls:
		_collided
		_delay
 This function is called by:
		_fill_vram
 This function uses a non-reentrant model


 *************** function _display *****************
 Defined at:
		line 317 in file "main.c"
 Parameters:    Size  Location     Type
		None
 Auto vars:     Size  Location     Type
		None
 Return value:  Size  Location     Type
                  1    wreg      void 
 Registers used:
		wreg, fsr0l, fsr0h, status,2, status,0, btemp+1, pclath, cstack
 Tracked objects:
		On entry : 
		On exit  : 
		Unchanged: 
 Data sizes:     COMMON   BANK0   BANK1   BANK2
      Params:         0       0       0       0
      Locals:         0       0       0       0
      Temps:          2       0       0       0
      Totals:         2       0       0       0
Total ram usage:        2 bytes
 Hardware stack levels used:    1
 Hardware stack levels required when called:    3
 This function calls:
		_button_time
		_car
		_check_collision
		_delay
 This function is called by:
		_main
 This function uses a non-reentrant model


 *************** function _check_collision *****************
 Defined at:
		line 377 in file "main.c"
 Parameters:    Size  Location     Type
		None
 Auto vars:     Size  Location     Type
		None
 Return value:  Size  Location     Type
                  1    wreg      void 
 Registers used:
		wreg, fsr0l, fsr0h, status,2, status,0, btemp+1, pclath, cstack
 Tracked objects:
		On entry : 
		On exit  : 
		Unchanged: 
 Data sizes:     COMMON   BANK0   BANK1   BANK2
      Params:         0       0       0       0
      Locals:         0       0       0       0
      Temps:          0       0       0       0
      Totals:         0       0       0       0
Total ram usage:        0 bytes
 Hardware stack levels used:    1
 Hardware stack levels required when called:    2
 This function calls:
		_collided
 This function is called by:
		_display
 This function uses a non-reentrant model


 *************** function _car *****************
 Defined at:
		line 389 in file "main.c"
 Parameters:    Size  Location     Type
		None
 Auto vars:     Size  Location     Type
		None
 Return value:  Size  Location     Type
                  1    wreg      void 
 Registers used:
		wreg, status,2, status,0, pclath, cstack
 Tracked objects:
		On entry : 
		On exit  : 
		Unchanged: 
 Data sizes:     COMMON   BANK0   BANK1   BANK2
      Params:         0       0       0       0
      Locals:         0       0       0       0
      Temps:          0       0       0       0
      Totals:         0       0       0       0
Total ram usage:        0 bytes
 Hardware stack levels used:    1
 Hardware stack levels required when called:    2
 This function calls:
		_delay
		_joystick
 This function is called by:
		_display
 This function uses a non-reentrant model


 *************** function _joystick *****************
 Defined at:
		line 424 in file "main.c"
 Parameters:    Size  Location     Type
		None
 Auto vars:     Size  Location     Type
		None
 Return value:  Size  Location     Type
                  1    wreg      void 
 Registers used:
		wreg, status,2, status,0, pclath, cstack
 Tracked objects:
		On entry : 
		On exit  : 
		Unchanged: 
 Data sizes:     COMMON   BANK0   BANK1   BANK2
      Params:         0       0       0       0
      Locals:         0       0       0       0
      Temps:          0       0       0       0
      Totals:         0       0       0       0
Total ram usage:        0 bytes
 Hardware stack levels used:    1
 Hardware stack levels required when called:    1
 This function calls:
		_go_left
		_go_right
 This function is called by:
		_car
 This function uses a non-reentrant model


 *************** function _go_right *****************
 Defined at:
		line 413 in file "main.c"
 Parameters:    Size  Location     Type
		None
 Auto vars:     Size  Location     Type
		None
 Return value:  Size  Location     Type
                  1    wreg      void 
 Registers used:
		wreg
 Tracked objects:
		On entry : 
		On exit  : 
		Unchanged: 
 Data sizes:     COMMON   BANK0   BANK1   BANK2
      Params:         0       0       0       0
      Locals:         0       0       0       0
      Temps:          0       0       0       0
      Totals:         0       0       0       0
Total ram usage:        0 bytes
 Hardware stack levels used:    1
 This function calls:
		Nothing
 This function is called by:
		_joystick
 This function uses a non-reentrant model


 *************** function _go_left *****************
 Defined at:
		line 401 in file "main.c"
 Parameters:    Size  Location     Type
		None
 Auto vars:     Size  Location     Type
		None
 Return value:  Size  Location     Type
                  1    wreg      void 
 Registers used:
		wreg
 Tracked objects:
		On entry : 
		On exit  : 
		Unchanged: 
 Data sizes:     COMMON   BANK0   BANK1   BANK2
      Params:         0       0       0       0
      Locals:         0       0       0       0
      Temps:          0       0       0       0
      Totals:         0       0       0       0
Total ram usage:        0 bytes
 Hardware stack levels used:    1
 This function calls:
		Nothing
 This function is called by:
		_joystick
 This function uses a non-reentrant model


 *************** function _button_time *****************
 Defined at:
		line 438 in file "main.c"
 Parameters:    Size  Location     Type
		None
 Auto vars:     Size  Location     Type
		None
 Return value:  Size  Location     Type
                  1    wreg      void 
 Registers used:
		wreg, status,2, status,0
 Tracked objects:
		On entry : 
		On exit  : 
		Unchanged: 
 Data sizes:     COMMON   BANK0   BANK1   BANK2
      Params:         0       0       0       0
      Locals:         0       0       0       0
      Temps:          0       0       0       0
      Totals:         0       0       0       0
Total ram usage:        0 bytes
 Hardware stack levels used:    1
 This function calls:
		Nothing
 This function is called by:
		_display
 This function uses a non-reentrant model


 *************** function _collided_data *****************
 Defined at:
		line 85 in file "main.c"
 Parameters:    Size  Location     Type
		None
 Auto vars:     Size  Location     Type
		None
 Return value:  Size  Location     Type
                  1    wreg      void 
 Registers used:
		wreg, fsr0l, fsr0h, status,2, status,0, btemp+1, pclath, cstack
 Tracked objects:
		On entry : 
		On exit  : 
		Unchanged: 
 Data sizes:     COMMON   BANK0   BANK1   BANK2
      Params:         0       0       0       0
      Locals:         0       0       0       0
      Temps:          0       0       0       0
      Totals:         0       0       0       0
Total ram usage:        0 bytes
 Hardware stack levels used:    1
 Hardware stack levels required when called:    2
 This function calls:
		_collided
		_delay
		_end_data
 This function is called by:
		_main
 This function uses a non-reentrant model


 *************** function _delay *****************
 Defined at:
		line 216 in file "main.c"
 Parameters:    Size  Location     Type
		None
 Auto vars:     Size  Location     Type
		None
 Return value:  Size  Location     Type
                  1    wreg      void 
 Registers used:
		wreg, status,2, status,0
 Tracked objects:
		On entry : 
		On exit  : 
		Unchanged: 
 Data sizes:     COMMON   BANK0   BANK1   BANK2
      Params:         0       0       0       0
      Locals:         0       0       0       0
      Temps:          0       0       0       0
      Totals:         0       0       0       0
Total ram usage:        0 bytes
 Hardware stack levels used:    1
 This function calls:
		Nothing
 This function is called by:
		_collided_data
		_display
		_car
		_track_data
 This function uses a non-reentrant model


 *************** function _collided *****************
 Defined at:
		line 104 in file "main.c"
 Parameters:    Size  Location     Type
		None
 Auto vars:     Size  Location     Type
		None
 Return value:  Size  Location     Type
                  1    wreg      void 
 Registers used:
		wreg, fsr0l, fsr0h, status,2, status,0, btemp+1, pclath, cstack
 Tracked objects:
		On entry : 
		On exit  : 
		Unchanged: 
 Data sizes:     COMMON   BANK0   BANK1   BANK2
      Params:         0       0       0       0
      Locals:         0       0       0       0
      Temps:          1       0       0       0
      Totals:         1       0       0       0
Total ram usage:        1 bytes
 Hardware stack levels used:    1
 Hardware stack levels required when called:    1
 This function calls:
		_end_data
		_setup
 This function is called by:
		_collided_data
		_check_collision
		_track_data
 This function uses a non-reentrant model


 *************** function _setup *****************
 Defined at:
		line 58 in file "main.c"
 Parameters:    Size  Location     Type
		None
 Auto vars:     Size  Location     Type
		None
 Return value:  Size  Location     Type
                  1    wreg      void 
 Registers used:
		wreg, status,2
 Tracked objects:
		On entry : 
		On exit  : 
		Unchanged: 
 Data sizes:     COMMON   BANK0   BANK1   BANK2
      Params:         0       0       0       0
      Locals:         0       0       0       0
      Temps:          0       0       0       0
      Totals:         0       0       0       0
Total ram usage:        0 bytes
 Hardware stack levels used:    1
 This function calls:
		Nothing
 This function is called by:
		_collided
		_main
 This function uses a non-reentrant model


 *************** function _end_data *****************
 Defined at:
		line 232 in file "main.c"
 Parameters:    Size  Location     Type
		None
 Auto vars:     Size  Location     Type
		None
 Return value:  Size  Location     Type
                  1    wreg      unsigned char 
 Registers used:
		wreg, fsr0l, fsr0h, status,2, status,0
 Tracked objects:
		On entry : 
		On exit  : 
		Unchanged: 
 Data sizes:     COMMON   BANK0   BANK1   BANK2
      Params:         0       0       0       0
      Locals:         0       0       0       0
      Temps:          1       0       0       0
      Totals:         1       0       0       0
Total ram usage:        1 bytes
 Hardware stack levels used:    1
 This function calls:
		Nothing
 This function is called by:
		_collided_data
		_collided
 This function uses a non-reentrant model



MODULE INFORMATION

Module		Function		Class		Link	Load	Size
shared
		__initialization		CODE           	07F5	0000	10

shared estimated size: 10

main.c
		_check_collision		CODE           	04B6	0000	13
		_delay         		CODE           	04F7	0000	33
		_car           		CODE           	04AA	0000	13
		_display       		CODE           	05DF	0000	101
		_go_left       		CODE           	04D3	0000	19
		_main          		CODE           	056D	0000	53
		_track_data    		CODE           	06AE	0000	114
		_end_data      		CODE           	071F	0000	215
		_collided      		CODE           	0643	0000	108
		_go_right      		CODE           	04E5	0000	19
		_collided_data 		CODE           	0517	0000	37
		_fill_vram     		CODE           	05A1	0000	63
		_setup         		CODE           	053B	0000	51
		_joystick      		CODE           	049F	0000	12
		_button_time   		CODE           	04C2	0000	18

main.c estimated size: 869

